WARNING: A restricted method in java.lang.System has been called
WARNING: java.lang.System::load has been called by org.fusesource.jansi.internal.JansiLoader in an unnamed module (file:/Users/inioluwaalake/.m2/wrapper/dists/apache-maven-3.8.5-bin/5i5jha092a3i37g0paqnfr15e0/apache-maven-3.8.5/lib/jansi-2.4.0.jar)
WARNING: Use --enable-native-access=ALL-UNNAMED to avoid a warning for callers in this module
WARNING: Restricted methods will be blocked in a future release unless native access is enabled

WARNING: A terminally deprecated method in sun.misc.Unsafe has been called
WARNING: sun.misc.Unsafe::objectFieldOffset has been called by com.google.common.util.concurrent.AbstractFuture$UnsafeAtomicHelper (file:/Users/inioluwaalake/.m2/wrapper/dists/apache-maven-3.8.5-bin/5i5jha092a3i37g0paqnfr15e0/apache-maven-3.8.5/lib/guava-25.1-android.jar)
WARNING: Please consider reporting this to the maintainers of class com.google.common.util.concurrent.AbstractFuture$UnsafeAtomicHelper
WARNING: sun.misc.Unsafe::objectFieldOffset will be removed in a future release
[INFO] Scanning for projects...
[INFO] 
[INFO] ------------< com.utilitybill:UtilityBillManagementSystem >-------------
[INFO] Building Utility Bill Management System 1.0-SNAPSHOT
[INFO] --------------------------------[ jar ]---------------------------------
[INFO] 
[INFO] --- maven-resources-plugin:2.6:resources (default-resources) @ UtilityBillManagementSystem ---
[INFO] Using 'UTF-8' encoding to copy filtered resources.
[INFO] Copying 13 resources
[INFO] 
[INFO] --- maven-compiler-plugin:3.13.0:compile (default-compile) @ UtilityBillManagementSystem ---
[WARNING] ************************************************************************************************************************************************************************
[WARNING] * Required filename-based automodules detected: [io-7.2.5.jar, kernel-7.2.5.jar, layout-7.2.5.jar]. Please don't publish this project to a public artifact repository! *
[WARNING] ************************************************************************************************************************************************************************
[INFO] Nothing to compile - all classes are up to date.
[INFO] 
[INFO] --- maven-resources-plugin:2.6:testResources (default-testResources) @ UtilityBillManagementSystem ---
[INFO] Using 'UTF-8' encoding to copy filtered resources.
[INFO] skip non existing resourceDirectory /Users/inioluwaalake/Documents/MSc/Java/UtilityBillCalculatorAssignment/src/test/resources
[INFO] 
[INFO] --- maven-compiler-plugin:3.13.0:testCompile (default-testCompile) @ UtilityBillManagementSystem ---
[INFO] Recompiling the module because of changed source code.
[INFO] Compiling 8 source files with javac [debug target 21 module-path] to target/test-classes
[INFO] -------------------------------------------------------------
[WARNING] COMPILATION WARNING : 
[INFO] -------------------------------------------------------------
[WARNING] location of system modules is not set in conjunction with -source 21
  not setting the location of system modules may lead to class files that cannot run on JDK 21
    --release 21 is recommended instead of -source 21 -target 21 because it sets the location of system modules automatically
[INFO] 1 warning
[INFO] -------------------------------------------------------------
[INFO] -------------------------------------------------------------
[ERROR] COMPILATION ERROR : 
[INFO] -------------------------------------------------------------
[ERROR] /Users/inioluwaalake/Documents/MSc/Java/UtilityBillCalculatorAssignment/src/test/java/com/utilitybill/model/CustomerTest.java:[69,34] cannot find symbol
  symbol:   variable CustomerType
  location: class com.utilitybill.model.Customer
[ERROR] /Users/inioluwaalake/Documents/MSc/Java/UtilityBillCalculatorAssignment/src/test/java/com/utilitybill/model/CustomerTest.java:[69,69] cannot find symbol
  symbol:   method getCustomerType()
  location: variable customer of type com.utilitybill.model.Customer
[ERROR] /Users/inioluwaalake/Documents/MSc/Java/UtilityBillCalculatorAssignment/src/test/java/com/utilitybill/model/InvoiceTest.java:[143,52] cannot find symbol
  symbol:   variable OVERDUE
  location: class com.utilitybill.model.Invoice.InvoiceStatus
[ERROR] /Users/inioluwaalake/Documents/MSc/Java/UtilityBillCalculatorAssignment/src/test/java/com/utilitybill/model/InvoiceTest.java:[144,47] cannot find symbol
  symbol:   variable OVERDUE
  location: class com.utilitybill.model.Invoice.InvoiceStatus
[INFO] 4 errors 
[INFO] -------------------------------------------------------------
[INFO] ------------------------------------------------------------------------
[INFO] BUILD FAILURE
[INFO] ------------------------------------------------------------------------
[INFO] Total time:  0.817 s
[INFO] Finished at: 2026-01-29T04:37:57Z
[INFO] ------------------------------------------------------------------------
[ERROR] Failed to execute goal org.apache.maven.plugins:maven-compiler-plugin:3.13.0:testCompile (default-testCompile) on project UtilityBillManagementSystem: Compilation failure: Compilation failure: 
[ERROR] /Users/inioluwaalake/Documents/MSc/Java/UtilityBillCalculatorAssignment/src/test/java/com/utilitybill/model/CustomerTest.java:[69,34] cannot find symbol
[ERROR]   symbol:   variable CustomerType
[ERROR]   location: class com.utilitybill.model.Customer
[ERROR] /Users/inioluwaalake/Documents/MSc/Java/UtilityBillCalculatorAssignment/src/test/java/com/utilitybill/model/CustomerTest.java:[69,69] cannot find symbol
[ERROR]   symbol:   method getCustomerType()
[ERROR]   location: variable customer of type com.utilitybill.model.Customer
[ERROR] /Users/inioluwaalake/Documents/MSc/Java/UtilityBillCalculatorAssignment/src/test/java/com/utilitybill/model/InvoiceTest.java:[143,52] cannot find symbol
[ERROR]   symbol:   variable OVERDUE
[ERROR]   location: class com.utilitybill.model.Invoice.InvoiceStatus
[ERROR] /Users/inioluwaalake/Documents/MSc/Java/UtilityBillCalculatorAssignment/src/test/java/com/utilitybill/model/InvoiceTest.java:[144,47] cannot find symbol
[ERROR]   symbol:   variable OVERDUE
[ERROR]   location: class com.utilitybill.model.Invoice.InvoiceStatus
[ERROR] -> [Help 1]
[ERROR] 
[ERROR] To see the full stack trace of the errors, re-run Maven with the -e switch.
[ERROR] Re-run Maven using the -X switch to enable full debug logging.
[ERROR] 
[ERROR] For more information about the errors and possible solutions, please read the following articles:
[ERROR] [Help 1] http://cwiki.apache.org/confluence/display/MAVEN/MojoFailureException
